     1                                 %line 1+1 ex.s
     2                                 
     3                                 
     4                                 
     5                                 
     6                                 
     7                                 
     8                                 
     9                                 
    10                                 
    11                                 
    12                                 
    13                                 
    14                                 
    15                                 
    16                                 [segment .text]
    17                                 [global main]
    18                                 
    19                                 doit:
    20 00000000 B801000000              mov eax, 1
    21 00000005 C3                      ret
    22                                 
    23                                 main:
    24 00000006 E8F0FFFFFF              call doit
    25                                 
    26 0000000B 31C0                    xor eax, eax
    27 0000000D C3                      ret
    28                                 
    29                                 
    30                                 
    31                                 
    32                                 
    33                                 
    34                                 
    35                                 
    36                                 
    37                                 
    38                                 
    39                                 
    40                                 
    41                                 
    42                                 
    43                                 
    44                                 
    45                                 
    46                                 
    47                                 
    48                                 
    49                                 
    50                                 
    51                                 
    52                                 
    53                                 
    54                                 
    55                                 
    56                                 
    57                                 
    58                                 
    59                                 
    60                                 
    61                                 
    62                                 
