     1                                 %line 1+1 ex.s
     2                                 
     3                                 
     4                                 
     5                                 [segment .text]
     6                                 [global main]
     7                                 
     8                                 main:
     9 00000000 55                      push rbp
    10 00000001 4889E5                  mov rbp, rsp
    11                                 
    12                                 
    13 00000004 E8FFFFFFFF              call a
    14                                 
    15 00000009 31C0                    xor eax, eax
    16 0000000B C9                      leave
    17 0000000C C3                      ret
    18                                 
    19                                 a:
    20 0000000D 55                      push rbp
    21 0000000E 4889E5                  mov rbp, rsp
    22                                 
    23 00000011 E8FFFFFFFF              call b
    24                                 
    25 00000016 31C0                    xor eax, eax
    26 00000018 C9                      leave
    27 00000019 C3                      ret
    28                                 
    29                                 b:
    30 0000001A 55                      push rbp
    31 0000001B 4889E5                  mov rbp, rsp
    32                                 
    33 0000001E 31C0                    xor eax, eax
    34 00000020 C9                      leave
    35 00000021 C3                      ret
    36                                 
